// Jest Snapshot v1, https://goo.gl/fbAQLP

exports[`queries createPost 1`] = `
Object {
  "data": Object {
    "createPost": Object {
      "message": "Hello World",
    },
  },
  "errors": undefined,
  "extensions": undefined,
  "http": Object {
    "headers": Headers {
      Symbol(map): Object {},
    },
  },
}
`;
